ets Jul 29 2019 12:21:46

rst:0x1 (POWERON_RESET),boot:0x13 (SPI_FAST_FLASH_BOOT)
configsip: 0, SPIWP:0xee
clk_drv:0x00,q_drv:0x00,d_drv:0x00,cs0_drv:0x00,hd_drv:0x00,wp_drv:0x00
mode:DIO, clock div:2
load:0x3fff0030,len:7176
load:0x40078000,len:15564
ho 0 tail 12 room 4
load:0x40080400,len:4
load:0x40080404,len:3904
entry 0x40080640
[0;32mI (31) boot: ESP-IDF v5.3 2nd stage bootloader[0m
[0;32mI (31) boot: compile time Mar 13 2025 18:23:41[0m
[0;32mI (31) boot: Multicore bootloader[0m
[0;32mI (35) boot: chip revision: v3.1[0m
[0;32mI (39) boot.esp32: SPI Speed      : 40MHz[0m
[0;32mI (44) boot.esp32: SPI Mode       : DIO[0m
[0;32mI (48) boot.esp32: SPI Flash Size : 2MB[0m
[0;32mI (53) boot: Enabling RNG early entropy source...[0m
[0;32mI (58) boot: Partition Table:[0m
[0;32mI (62) boot: ## Label            Usage          Type ST Offset   Length[0m
[0;32mI (69) boot:  0 nvs              WiFi data        01 02 00009000 00006000[0m
[0;32mI (76) boot:  1 phy_init         RF data          01 01 0000f000 00001000[0m
[0;32mI (84) boot:  2 factory          factory app      00 00 00010000 00177000[0m
[0;32mI (91) boot: End of partition table[0m
[0;32mI (96) esp_image: segment 0: paddr=00010020 vaddr=3f400020 size=38384h (230276) map[0m
[0;32mI (183) esp_image: segment 1: paddr=000483ac vaddr=3ffbdb60 size=05bcch ( 23500) load[0m
[0;32mI (192) esp_image: segment 2: paddr=0004df80 vaddr=40080000 size=02098h (  8344) load[0m
[0;32mI (195) esp_image: segment 3: paddr=00050020 vaddr=400d0020 size=e2678h (927352) map[0m
[0;32mI (517) esp_image: segment 4: paddr=001326a0 vaddr=40082098 size=1c174h (115060) load[0m
[0;32mI (578) boot: Loaded app from partition at offset 0x10000[0m
[0;32mI (578) boot: Disabling RNG early entropy source...[0m
[0;32mI (590) cpu_start: Multicore app[0m
[0;32mI (598) cpu_start: Pro cpu start user code[0m
[0;32mI (598) cpu_start: cpu freq: 160000000 Hz[0m
[0;32mI (598) app_init: Application information:[0m
[0;32mI (601) app_init: Project name:     hello_world[0m
[0;32mI (606) app_init: App version:      1[0m
[0;32mI (611) app_init: Compile time:     Mar 13 2025 18:23:04[0m
[0;32mI (617) app_init: ELF file SHA256:  937c9a911...[0m
[0;32mI (622) app_init: ESP-IDF:          v5.3[0m
[0;32mI (627) efuse_init: Min chip rev:     v0.0[0m
[0;32mI (631) efuse_init: Max chip rev:     v3.99 [0m
[0;32mI (636) efuse_init: Chip rev:         v3.1[0m
[0;32mI (642) heap_init: Initializing. RAM available for dynamic allocation:[0m
[0;32mI (649) heap_init: At 3FFAFF10 len 000000F0 (0 KiB): DRAM[0m
[0;32mI (654) heap_init: At 3FFB6388 len 00001C78 (7 KiB): DRAM[0m
[0;32mI (661) heap_init: At 3FFB9A20 len 00004108 (16 KiB): DRAM[0m
[0;32mI (667) heap_init: At 3FFCB830 len 000147D0 (81 KiB): DRAM[0m
[0;32mI (673) heap_init: At 3FFE0440 len 00003AE0 (14 KiB): D/IRAM[0m
[0;32mI (679) heap_init: At 3FFE4350 len 0001BCB0 (111 KiB): D/IRAM[0m
[0;32mI (686) heap_init: At 4009E20C len 00001DF4 (7 KiB): IRAM[0m
[0;32mI (693) spi_flash: detected chip: generic[0m
[0;32mI (696) spi_flash: flash io: dio[0m
[0;33mW (700) spi_flash: Detected size(4096k) larger than the size in the binary image header(2048k). Using the size in the binary image header.[0m
[0;32mI (714) coexist: coex firmware version: dab85ae96[0m
[0;32mI (720) main_task: Started on CPU0[0m
[0;32mI (730) main_task: Calling app_main()[0m
[0;32mI (770) wifi:wifi driver task: 3ffcfa7c, prio:23, stack:6656, core=0[0m
[0;32mI (780) wifi:wifi firmware version: 0caa81945[0m
[0;32mI (780) wifi:wifi certification version: v7.0[0m
[0;32mI (780) wifi:config NVS flash: enabled[0m
[0;32mI (780) wifi:config nano formating: disabled[0m
[0;32mI (790) wifi:Init data frame dynamic rx buffer num: 32[0m
[0;32mI (790) wifi:Init static rx mgmt buffer num: 5[0m
[0;32mI (800) wifi:Init management short buffer num: 32[0m
[0;32mI (800) wifi:Init dynamic tx buffer num: 32[0m
[0;32mI (800) wifi:Init static rx buffer size: 1600[0m
[0;32mI (810) wifi:Init static rx buffer num: 10[0m
[0;32mI (810) wifi:Init dynamic rx buffer num: 32[0m
[0;32mI (820) wifi_init: rx ba win: 6[0m
[0;32mI (820) wifi_init: accept mbox: 6[0m
[0;32mI (820) wifi_init: tcpip mbox: 32[0m
[0;32mI (830) wifi_init: udp mbox: 6[0m
[0;32mI (830) wifi_init: tcp mbox: 6[0m
[0;32mI (840) wifi_init: tcp tx win: 5760[0m
[0;32mI (840) wifi_init: tcp rx win: 5760[0m
[0;32mI (840) wifi_init: tcp mss: 1440[0m
[0;32mI (850) wifi_init: WiFi IRAM OP enabled[0m
[0;32mI (850) wifi_init: WiFi RX IRAM OP enabled[0m
[0;32mI (860) WiFi Station: ESP_WIFI_MODE_STA[0m
[0;32mI (860) phy_init: phy_version 4830,54550f7,Jun 20 2024,14:22:08[0m
[0;33mW (950) phy_init: saving new calibration data because of checksum failure, mode(0)[0m
[0;32mI (970) wifi:mode : sta (08:a6:f7:bc:64:5c)[0m
[0;32mI (970) wifi:enable tsf[0m
[0;32mI (980) WiFi Station: wifi_init_sta finished.[0m
[0;32mI (980) WiFi Station: Station started[0m
[0;32mI (3390) wifi:new:<6,0>, old:<1,0>, ap:<255,255>, sta:<6,0>, prof:1, snd_ch_cfg:0x0[0m
[0;32mI (3400) wifi:state: init -> auth (0xb0)[0m
[0;32mI (3400) wifi:state: auth -> assoc (0x0)[0m
[0;32mI (4400) wifi:state: assoc -> init (0x2700)[0m
[0;32mI (4400) wifi:new:<6,0>, old:<6,0>, ap:<255,255>, sta:<6,0>, prof:1, snd_ch_cfg:0x0[0m
[0;32mI (4410) wifi:new:<6,0>, old:<6,0>, ap:<255,255>, sta:<6,0>, prof:1, snd_ch_cfg:0x0[0m
[0;32mI (4410) wifi:state: init -> auth (0xb0)[0m
[0;32mI (4420) wifi:state: auth -> assoc (0x0)[0m
[0;32mI (4430) wifi:state: assoc -> run (0x10)[0m
[0;32mI (4460) wifi:connected with tda, aid = 1, channel 6, BW20, bssid = e6:c6:89:7d:a3:e0[0m
[0;32mI (4460) wifi:security: WPA2-PSK, phy: bgn, rssi: -60[0m
[0;32mI (4460) wifi:pm start, type: 1[0m

[0;32mI (4460) wifi:dp: 1, bi: 102400, li: 3, scale listen interval from 307200 us to 307200 us[0m
[0;32mI (4470) wifi:dp: 2, bi: 102400, li: 4, scale listen interval from 307200 us to 409600 us[0m
[0;32mI (4480) wifi:AP's beacon interval = 102400 us, DTIM period = 2[0m
[0;32mI (5490) esp_netif_handlers: sta ip: 192.168.175.33, mask: 255.255.255.0, gw: 192.168.175.8[0m
[0;32mI (5490) WiFi Station: Got IP: 192.168.175.33[0m
[0;32mI (5490) WiFi Station: Connected to ap SSID:tda password:65252202[0m
[0;32mI (5500) main_task: Returned from app_main()[0m
ï¿½ï¿½ï¿½ï¿½ï¿½ï¿½ï¿½ï¿½ï¿½ï¿½ï¿½ï¿½ï¿½ï¿½ï¿½ï¿½ï¿½ï¿½ï¿½ï¿½ï¿½ï¿½ï¿½ï¿½ï¿½ï¿½ï¿½ï¿½ï¿½ï¿½ï¿½ï¿½ï¿½ï¿½ï¿½ï¿½ï¿½ï¿½ï¿½ï¿½ï¿½ï¿½ï¿½ï¿½ï¿½ï¿½ï¿½ï¿½ï¿½ï¿½ï¿½ï¿½ï¿½ï¿½ï¿½ï¿½ï¿½ï¿½ï¿½ï¿½ï¿½ï¿½ï¿½ï¿½;33mW (67350) httpd_uri: httpd_uri: URI '/undefined' not found[0m
[0;33mW (67350) httpd_txrx: httpd_resp_send_err: 404 Not Found - Nothing matches the given URI[0m
[0;33mW (68180) httpd_uri: httpd_uri: URI '/favicon.ico' not found[0m
[0;33mW (68180) httpd_txrx: httpd_resp_send_err: 404 Not Found - Nothing matches the given URI[0m
[0;32mI (68200) wifi:<ba-add>idx:0 (ifx:0, e6:c6:89:7d:a3:e0), tid:0, ssn:16, winSize:64[0m
[0;32mI (89680) HTTP Server: SSID: LiB[0m
[0;32mI (89680) HTTP Server: Password: 12345678[0m
[0;32mI (89740) WiFi Station: wifi_init_sta finished.[0m
ets Jul 29 2019 12:21:46

rst:0x1 (POWERON_RESET),boot:0x13 (SPI_FAST_FLASH_BOOT)
configsip: 0, SPIWP:0xee
clk_drv:0x00,q_drv:0x00,d_drv:0x00,cs0_drv:0x00,hd_drv:0x00,wp_drv:0x00
mode:DIO, clock div:2
load:0x3fff0030,len:7176
load:0x40078000,len:15564
ho 0 tail 12 room 4
load:0x40080400,len:4
load:0x40080404,len:3904
entry 0x40080640
[0;32mI (31) boot: ESP-IDF v5.3 2nd stage bootloader[0m
[0;32mI (31) boot: compile time Mar 13 2025 18:23:41[0m
[0;32mI (31) boot: Multicore bootloader[0m
[0;32mI (35) boot: chip revision: v3.1[0m
[0;32mI (39) boot.esp32: SPI Speed      : 40MHz[0m
[0;32mI (44) boot.esp32: SPI Mode       : DIO[0m
[0;32mI (48) boot.esp32: SPI Flash Size : 2MB[0m
[0;32mI (53) boot: Enabling RNG early entropy source...[0m
[0;32mI (58) boot: Partition Table:[0m
[0;32mI (62) boot: ## Label            Usage          Type ST Offset   Length[0m
[0;32mI (69) boot:  0 nvs              WiFi data        01 02 00009000 00006000[0m
[0;32mI (76) boot:  1 phy_init         RF data          01 01 0000f000 00001000[0m
[0;32mI (84) boot:  2 factory          factory app      00 00 00010000 00177000[0m
[0;32mI (91) boot: End of partition table[0m
[0;32mI (96) esp_image: segment 0: paddr=00010020 vaddr=3f400020 size=38384h (230276) map[0m
[0;32mI (183) esp_image: segment 1: paddr=000483ac vaddr=3ffbdb60 size=05bcch ( 23500) load[0m
[0;32mI (192) esp_image: segment 2: paddr=0004df80 vaddr=40080000 size=02098h (  8344) load[0m
[0;32mI (195) esp_image: segment 3: paddr=00050020 vaddr=400d0020 size=e2678h (927352) map[0m
[0;32mI (517) esp_image: segment 4: paddr=001326a0 vaddr=40082098 size=1c174h (115060) load[0m
[0;32mI (578) boot: Loaded app from partition at offset 0x10000[0m
[0;32mI (578) boot: Disabling RNG early entropy source...[0m
[0;32mI (590) cpu_start: Multicore app[0m
[0;32mI (598) cpu_start: Pro cpu start user code[0m
[0;32mI (598) cpu_start: cpu freq: 160000000 Hz[0m
[0;32mI (598) app_init: Application information:[0m
[0;32mI (601) app_init: Project name:     hello_world[0m
[0;32mI (606) app_init: App version:      1[0m
[0;32mI (611) app_init: Compile time:     Mar 13 2025 18:23:04[0m
[0;32mI (617) app_init: ELF file SHA256:  937c9a911...[0m
[0;32mI (622) app_init: ESP-IDF:          v5.3[0m
[0;32mI (627) efuse_init: Min chip rev:     v0.0[0m
[0;32mI (631) efuse_init: Max chip rev:     v3.99 [0m
[0;32mI (636) efuse_init: Chip rev:         v3.1[0m
[0;32mI (642) heap_init: Initializing. RAM available for dynamic allocation:[0m
[0;32mI (649) heap_init: At 3FFAFF10 len 000000F0 (0 KiB): DRAM[0m
[0;32mI (654) heap_init: At 3FFB6388 len 00001C78 (7 KiB): DRAM[0m
[0;32mI (661) heap_init: At 3FFB9A20 len 00004108 (16 KiB): DRAM[0m
[0;32mI (667) heap_init: At 3FFCB830 len 000147D0 (81 KiB): DRAM[0m
[0;32mI (673) heap_init: At 3FFE0440 len 00003AE0 (14 KiB): D/IRAM[0m
[0;32mI (679) heap_init: At 3FFE4350 len 0001BCB0 (111 KiB): D/IRAM[0m
[0;32mI (686) heap_init: At 4009E20C len 00001DF4 (7 KiB): IRAM[0m
[0;32mI (693) spi_flash: detected chip: generic[0m
[0;32mI (696) spi_flash: flash io: dio[0m
[0;33mW (700) spi_flash: Detected size(4096k) larger than the size in the binary image header(2048k). Using the size in the binary image header.[0m
[0;32mI (714) coexist: coex firmware version: dab85ae96[0m
[0;32mI (720) main_task: Started on CPU0[0m
[0;32mI (730) main_task: Calling app_main()[0m
[0;32mI (770) wifi:wifi driver task: 3ffcfa7c, prio:23, stack:6656, core=0[0m
[0;32mI (780) wifi:wifi firmware version: 0caa81945[0m
[0;32mI (780) wifi:wifi certification version: v7.0[0m
[0;32mI (780) wifi:config NVS flash: enabled[0m
[0;32mI (780) wifi:config nano formating: disabled[0m
[0;32mI (790) wifi:Init data frame dynamic rx buffer num: 32[0m
[0;32mI (790) wifi:Init static rx mgmt buffer num: 5[0m
[0;32mI (800) wifi:Init management short buffer num: 32[0m
[0;32mI (800) wifi:Init dynamic tx buffer num: 32[0m
[0;32mI (810) wifi:Init static rx buffer size: 1600[0m
[0;32mI (810) wifi:Init static rx buffer num: 10[0m
[0;32mI (810) wifi:Init dynamic rx buffer num: 32[0m
[0;32mI (820) wifi_init: rx ba win: 6[0m
[0;32mI (820) wifi_init: accept mbox: 6[0m
[0;32mI (820) wifi_init: tcpip mbox: 32[0m
[0;32mI (830) wifi_init: udp mbox: 6[0m
[0;32mI (830) wifi_init: tcp mbox: 6[0m
[0;32mI (840) wifi_init: tcp tx win: 5760[0m
[0;32mI (840) wifi_init: tcp rx win: 5760[0m
[0;32mI (840) wifi_init: tcp mss: 1440[0m
[0;32mI (850) wifi_init: WiFi IRAM OP enabled[0m
[0;32mI (850) wifi_init: WiFi RX IRAM OP enabled[0m
[0;32mI (860) WiFi Station: ESP_WIFI_MODE_STA[0m
[0;32mI (910) phy_init: phy_version 4830,54550f7,Jun 20 2024,14:22:08[0m
[0;32mI (990) wifi:mode : sta (08:a6:f7:bc:64:5c)[0m
[0;32mI (990) wifi:enable tsf[0m
[0;32mI (990) WiFi Station: wifi_init_sta finished.[0m
[0;32mI (1000) WiFi Station: Station started[0m
[0;32mI (3410) wifi:new:<6,0>, old:<1,0>, ap:<255,255>, sta:<6,0>, prof:1, snd_ch_cfg:0x0[0m
[0;32mI (3410) wifi:state: init -> auth (0xb0)[0m
[0;32mI (3420) wifi:state: auth -> assoc (0x0)[0m
[0;32mI (4420) wifi:state: assoc -> init (0x2700)[0m
[0;32mI (4420) wifi:new:<6,0>, old:<6,0>, ap:<255,255>, sta:<6,0>, prof:1, snd_ch_cfg:0x0[0m
[0;32mI (4430) wifi:new:<6,0>, old:<6,0>, ap:<255,255>, sta:<6,0>, prof:1, snd_ch_cfg:0x0[0m
[0;32mI (4430) wifi:state: init -> auth (0xb0)[0m
[0;32mI (4450) wifi:state: auth -> assoc (0x0)[0m
[0;32mI (4460) wifi:state: assoc -> run (0x10)[0m
[0;32mI (4480) wifi:connected with tda, aid = 1, channel 6, BW20, bssid = e6:c6:89:7d:a3:e0[0m
[0;32mI (4480) wifi:security: WPA2-PSK, phy: bgn, rssi: -61[0m
[0;32mI (4490) wifi:pm start, type: 1[0m

[0;32mI (4490) wifi:dp: 1, bi: 102400, li: 3, scale listen interval from 307200 us to 307200 us[0m
[0;32mI (4540) wifi:dp: 2, bi: 102400, li: 4, scale listen interval from 307200 us to 409600 us[0m
[0;32mI (4540) wifi:AP's beacon interval = 102400 us, DTIM period = 2[0m
[0;32mI (5490) esp_netif_handlers: sta ip: 192.168.175.33, mask: 255.255.255.0, gw: 192.168.175.8[0m
[0;32mI (5490) WiFi Station: Got IP: 192.168.175.33[0m
[0;32mI (5490) WiFi Station: Connected to ap SSID:tda password:65252202[0m
[0;32mI (5500) main_task: Returned from app_main()[0m
[0;32mI (18700) HTTP Server: SSID: LiB[0m
[0;32mI (18700) HTTP Server: Password: 12345678[0m
[0;32mI (18800) WiFi Station: wifi_init_sta finished.[0m
ets Jul 29 2019 12:21:46

rst:0x1 (POWERON_RESET),boot:0x13 (SPI_FAST_FLASH_BOOT)
configsip: 0, SPIWP:0xee
clk_drv:0x00,q_drv:0x00,d_drv:0x00,cs0_drv:0x00,hd_drv:0x00,wp_drv:0x00
mode:DIO, clock div:2
load:0x3fff0030,len:7176
load:0x40078000,len:15564
ho 0 tail 12 room 4
load:0x40080400,len:4
load:0x40080404,len:3904
entry 0x40080640
[0;32mI (31) boot: ESP-IDF v5.3 2nd stage bootloader[0m
[0;32mI (31) boot: compile time Mar 13 2025 18:23:41[0m
[0;32mI (31) boot: Multicore bootloader[0m
[0;32mI (35) boot: chip revision: v3.1[0m
[0;32mI (39) boot.esp32: SPI Speed      : 40MHz[0m
[0;32mI (44) boot.esp32: SPI Mode       : DIO[0m
[0;32mI (48) boot.esp32: SPI Flash Size : 2MB[0m
[0;32mI (53) boot: Enabling RNG early entropy source...[0m
[0;32mI (58) boot: Partition Table:[0m
[0;32mI (62) boot: ## Label            Usage          Type ST Offset   Length[0m
[0;32mI (69) boot:  0 nvs              WiFi data        01 02 00009000 00006000[0m
[0;32mI (76) boot:  1 phy_init         RF data          01 01 0000f000 00001000[0m
[0;32mI (84) boot:  2 factory          factory app      00 00 00010000 00177000[0m
[0;32mI (91) boot: End of partition table[0m
[0;32mI (96) esp_image: segment 0: paddr=00010020 vaddr=3f400020 size=38384h (230276) map[0m
[0;32mI (183) esp_image: segment 1: paddr=000483ac vaddr=3ffbdb60 size=05bcch ( 23500) load[0m
[0;32mI (192) esp_image: segment 2: paddr=0004df80 vaddr=40080000 size=02098h (  8344) load[0m
[0;32mI (195) esp_image: segment 3: paddr=00050020 vaddr=400d0020 size=e2678h (927352) map[0m
[0;32mI (517) esp_image: segment 4: paddr=001326a0 vaddr=40082098 size=1c174h (115060) load[0m
[0;32mI (578) boot: Loaded app from partition at offset 0x10000[0m
[0;32mI (578) boot: Disabling RNG early entropy source...[0m
[0;32mI (590) cpu_start: Multicore app[0m
[0;32mI (598) cpu_start: Pro cpu start user code[0m
[0;32mI (598) cpu_start: cpu freq: 160000000 Hz[0m
[0;32mI (598) app_init: Application information:[0m
[0;32mI (601) app_init: Project name:     hello_world[0m
[0;32mI (606) app_init: App version:      1[0m
[0;32mI (611) app_init: Compile time:     Mar 13 2025 18:23:04[0m
[0;32mI (617) app_init: ELF file SHA256:  937c9a911...[0m
[0;32mI (622) app_init: ESP-IDF:          v5.3[0m
[0;32mI (627) efuse_init: Min chip rev:     v0.0[0m
[0;32mI (631) efuse_init: Max chip rev:     v3.99 [0m
[0;32mI (636) efuse_init: Chip rev:         v3.1[0m
[0;32mI (642) heap_init: Initializing. RAM available for dynamic allocation:[0m
[0;32mI (649) heap_init: At 3FFAFF10 len 000000F0 (0 KiB): DRAM[0m
[0;32mI (654) heap_init: At 3FFB6388 len 00001C78 (7 KiB): DRAM[0m
[0;32mI (661) heap_init: At 3FFB9A20 len 00004108 (16 KiB): DRAM[0m
[0;32mI (667) heap_init: At 3FFCB830 len 000147D0 (81 KiB): DRAM[0m
[0;32mI (673) heap_init: At 3FFE0440 len 00003AE0 (14 KiB): D/IRAM[0m
[0;32mI (679) heap_init: At 3FFE4350 len 0001BCB0 (111 KiB): D/IRAM[0m
[0;32mI (686) heap_init: At 4009E20C len 00001DF4 (7 KiB): IRAM[0m
[0;32mI (693) spi_flash: detected chip: generic[0m
[0;32mI (696) spi_flash: flash io: dio[0m
[0;33mW (700) spi_flash: Detected size(4096k) larger than the size in the binary image header(2048k). Using the size in the binary image header.[0m
[0;32mI (714) coexist: coex firmware version: dab85ae96[0m
[0;32mI (720) main_task: Started on CPU0[0m
[0;32mI (730) main_task: Calling app_main()[0m
[0;32mI (770) wifi:wifi driver task: 3ffcfa7c, prio:23, stack:6656, core=0[0m
[0;32mI (780) wifi:wifi firmware version: 0caa81945[0m
[0;32mI (780) wifi:wifi certification version: v7.0[0m
[0;32mI (780) wifi:config NVS flash: enabled[0m
[0;32mI (780) wifi:config nano formating: disabled[0m
[0;32mI (790) wifi:Init data frame dynamic rx buffer num: 32[0m
[0;32mI (790) wifi:Init static rx mgmt buffer num: 5[0m
[0;32mI (800) wifi:Init management short buffer num: 32[0m
[0;32mI (800) wifi:Init dynamic tx buffer num: 32[0m
[0;32mI (810) wifi:Init static rx buffer size: 1600[0m
[0;32mI (810) wifi:Init static rx buffer num: 10[0m
[0;32mI (810) wifi:Init dynamic rx buffer num: 32[0m
[0;32mI (820) wifi_init: rx ba win: 6[0m
[0;32mI (820) wifi_init: accept mbox: 6[0m
[0;32mI (820) wifi_init: tcpip mbox: 32[0m
[0;32mI (830) wifi_init: udp mbox: 6[0m
[0;32mI (830) wifi_init: tcp mbox: 6[0m
[0;32mI (840) wifi_init: tcp tx win: 5760[0m
[0;32mI (840) wifi_init: tcp rx win: 5760[0m
[0;32mI (840) wifi_init: tcp mss: 1440[0m
[0;32mI (850) wifi_init: WiFi IRAM OP enabled[0m
[0;32mI (850) wifi_init: WiFi RX IRAM OP enabled[0m
[0;32mI (860) WiFi Station: ESP_WIFI_MODE_STA[0m
[0;32mI (910) phy_init: phy_version 4830,54550f7,Jun 20 2024,14:22:08[0m
[0;32mI (990) wifi:mode : sta (08:a6:f7:bc:64:5c)[0m
[0;32mI (990) wifi:enable tsf[0m
[0;32mI (990) WiFi Station: wifi_init_sta finished.[0m
[0;32mI (1000) WiFi Station: Station started[0m
[0;32mI (3410) wifi:new:<6,0>, old:<1,0>, ap:<255,255>, sta:<6,0>, prof:1, snd_ch_cfg:0x0[0m
[0;32mI (3410) wifi:state: init -> auth (0xb0)[0m
[0;32mI (3420) wifi:state: auth -> assoc (0x0)[0m
[0;32mI (4420) wifi:state: assoc -> init (0x2700)[0m
[0;32mI (4420) wifi:new:<6,0>, old:<6,0>, ap:<255,255>, sta:<6,0>, prof:1, snd_ch_cfg:0x0[0m
[0;32mI (4420) wifi:new:<6,0>, old:<6,0>, ap:<255,255>, sta:<6,0>, prof:1, snd_ch_cfg:0x0[0m
[0;32mI (4430) wifi:state: init -> auth (0xb0)[0m
[0;32mI (4440) wifi:state: auth -> assoc (0x0)[0m
[0;32mI (4450) wifi:state: assoc -> run (0x10)[0m
[0;32mI (4470) wifi:connected with tda, aid = 1, channel 6, BW20, bssid = e6:c6:89:7d:a3:e0[0m
[0;32mI (4470) wifi:security: WPA2-PSK, phy: bgn, rssi: -58[0m
[0;32mI (4480) wifi:pm start, type: 1[0m

[0;32mI (4480) wifi:dp: 1, bi: 102400, li: 3, scale listen interval from 307200 us to 307200 us[0m
[0;32mI (4490) wifi:dp: 2, bi: 102400, li: 4, scale listen interval from 307200 us to 409600 us[0m
[0;32mI (4490) wifi:AP's beacon interval = 102400 us, DTIM period = 2[0m
[0;32mI (5480) esp_netif_handlers: sta ip: 192.168.175.33, mask: 255.255.255.0, gw: 192.168.175.8[0m
[0;32mI (5480) WiFi Station: Got IP: 192.168.175.33[0m
[0;32mI (5480) WiFi Station: Connected to ap SSID:tda password:65252202[0m
[0;32mI (5490) main_task: Returned from app_main()[0m
